[2025-04-04 17:03:33] 📦 Guardó versión con 1 bloque(s): ['lavacamu_data\\versiones\\Taller0Enunciado.docx\\version0_block0.txt']
[2025-04-04 17:03:48] ✍️ Escribió nuevo contenido.
[2025-04-04 17:03:48] 📦 Guardó versión con 1 bloque(s): ['lavacamu_data\\versiones\\Taller0Enunciado.docx\\20250404_170348_block0.txt']
[2025-04-04 17:04:06] ✍️ Escribió nuevo contenido.
[2025-04-04 17:04:06] 📦 Guardó versión con 1 bloque(s): ['lavacamu_data\\versiones\\Taller0Enunciado.docx\\20250404_170406_block0.txt']
[2025-04-04 17:04:22] ✍️ Escribió nuevo contenido.
[2025-04-04 17:04:22] 📦 Guardó versión con 1 bloque(s): ['lavacamu_data\\versiones\\Taller0Enunciado.docx\\20250404_170422_block0.txt']
[2025-04-04 17:05:39] 🔄 Rollback backward a versión 3.
[2025-04-04 17:13:58] 🔄 Rollback backward a versión 2.
[2025-04-04 17:14:09] 🔄 Rollback backward a versión 1.
[2025-04-04 17:14:23] 🔄 Rollback forward a versión 2.
[2025-04-04 17:14:24] 🔄 Rollback forward a versión 3.
[2025-04-04 17:14:25] 🔄 Rollback forward a versión 4.
[2025-04-04 17:18:35] 🔄 Rollback backward a versión 3.
[2025-04-04 17:18:40] 🔄 Rollback backward a versión 2.
[2025-04-04 17:18:51] 🔄 Rollback forward a versión 3.
[2025-04-04 17:18:51] 🔄 Rollback forward a versión 4.
[2025-04-04 17:19:02] ✍️ Escribió nuevo contenido.
[2025-04-04 17:19:02] 📦 Guardó versión con 1 bloque(s): ['lavacamu_data\\versiones\\Taller0Enunciado.docx\\20250404_171902_block0.txt']
[2025-04-04 17:19:06] ✍️ Escribió nuevo contenido.
[2025-04-04 17:19:06] 📦 Guardó versión con 1 bloque(s): ['lavacamu_data\\versiones\\Taller0Enunciado.docx\\20250404_171906_block0.txt']
[2025-04-04 17:19:08] ✍️ Escribió nuevo contenido.
[2025-04-04 17:19:08] 📦 Guardó versión con 1 bloque(s): ['lavacamu_data\\versiones\\Taller0Enunciado.docx\\20250404_171908_block0.txt']
[2025-04-04 17:19:11] ✍️ Escribió nuevo contenido.
[2025-04-04 17:19:11] 📦 Guardó versión con 1 bloque(s): ['lavacamu_data\\versiones\\Taller0Enunciado.docx\\20250404_171911_block0.txt']
[2025-04-04 17:23:26] ✍️ Escribió nuevo contenido.
[2025-04-04 17:23:26] 📦 Guardó versión con 1 bloque(s): ['lavacamu_data\\versiones\\Taller0Enunciado.docx\\20250404_172326_block0.txt']
[2025-04-04 17:23:31] ✍️ Escribió nuevo contenido.
[2025-04-04 17:23:31] 📦 Guardó versión con 1 bloque(s): ['lavacamu_data\\versiones\\Taller0Enunciado.docx\\20250404_172331_block0.txt']
[2025-04-04 17:24:35] 🔄 Rollback backward a versión 9.
[2025-04-04 17:24:36] 🔄 Rollback backward a versión 8.
[2025-04-04 17:24:37] 🔄 Rollback backward a versión 7.
[2025-04-04 17:24:37] 🔄 Rollback backward a versión 6.
[2025-04-04 17:24:38] 🔄 Rollback backward a versión 5.
[2025-04-04 17:24:38] 🔄 Rollback backward a versión 4.
[2025-04-04 17:24:38] 🔄 Rollback backward a versión 3.
[2025-04-04 17:24:38] 🔄 Rollback backward a versión 2.
[2025-04-04 17:24:39] 🔄 Rollback backward a versión 1.
[2025-04-04 17:24:51] 🔄 Rollback forward a versión 2.
[2025-04-04 17:24:51] 🔄 Rollback forward a versión 3.
[2025-04-04 17:24:52] 🔄 Rollback forward a versión 4.
[2025-04-04 17:24:52] 🔄 Rollback forward a versión 5.
[2025-04-04 17:24:52] 🔄 Rollback forward a versión 6.
[2025-04-04 17:24:53] 🔄 Rollback forward a versión 7.
[2025-04-04 17:24:53] 🔄 Rollback forward a versión 8.
[2025-04-04 17:24:54] 🔄 Rollback forward a versión 9.
[2025-04-04 17:24:54] 🔄 Rollback forward a versión 10.
[2025-04-04 17:25:37] 🔄 Rollback backward a versión 9.
[2025-04-04 17:25:38] 🔄 Rollback backward a versión 8.
[2025-04-04 17:25:38] 🔄 Rollback backward a versión 7.
[2025-04-04 17:25:39] 🔄 Rollback backward a versión 6.
[2025-04-04 17:25:39] 🔄 Rollback backward a versión 5.
[2025-04-04 17:25:39] 🔄 Rollback backward a versión 4.
[2025-04-04 17:25:39] 🔄 Rollback backward a versión 3.
[2025-04-04 17:25:39] 🔄 Rollback backward a versión 2.
